=========================== UPSTREAM CODE ==============================

### Clone the upstream Code. 

# git clone https://review.openstack.org/p/openstack/heat.git

### Check all the remote branches present. By default we are in master branch.

# git branch -a
* master
  remotes/origin/HEAD -> origin/master
  remotes/origin/master
  remotes/origin/stable/liberty
  remotes/origin/stable/mitaka
  remotes/origin/stable/newton

### Make a local copy of branch. I have followed this step for remote liberty branch as well. 

# git checkout -b mitaka remotes/origin/stable/mitaka
Branch mitaka set up to track remote branch stable/mitaka from origin.
Switched to a new branch 'mitaka'

### Check the local branches present. In mitaka branch currently. 

# git branch 
  liberty
  master
* mitaka

### In the log check the UPSTREAM Bug id : 

# git log --pretty=oneline --grep '1562042'
1826359ab0064614c41248ca30b47de3ec07c48f Stop engine service correctly

Also we can use the "commit message as grep"

# git log --pretty=oneline --grep 'Stop engine service correctly'
9cb740c9f16be1cb11945d31c1edcd95ce83e5c1 Merge "Stop engine service correctly" into stable/mitaka
1826359ab0064614c41248ca30b47de3ec07c48f Stop engine service correctly

### Checked out to branch liberty

# git checkout liberty
Switched to branch 'liberty'

# git branch
* liberty
  master
  mitaka

Similarly we can see that commit is present in liberty branch as well. 

# git log --pretty=oneline --grep '1562042'
93c5a3a68a0c0da6c703f72940db7516fb34d619 Stop engine service correctly

# git log --pretty=oneline --grep 'Stop engine service correctly'
93c5a3a68a0c0da6c703f72940db7516fb34d619 Stop engine service correctly

### We want to check in which version this commit is introduced.

List all the present tags. Here tags signifies the package version. 

# git tag
2013.1
2013.1.2
2013.1.3
2013.1.4
2013.1.g3
2013.1.rc1
2013.1.rc2
2013.2
2013.2.1
2013.2.2
2013.2.3
2013.2.4
2013.2.b1
2013.2.b2
2013.2.b3
2013.2.rc1
2013.2.rc2
2014.1
2014.1.1
2014.1.2
2014.1.3
2014.1.4
2014.1.5
2014.1.b1
2014.1.b2
2014.1.b3
2014.1.rc1
2014.1.rc2
2014.2
2014.2.1
2014.2.2
2014.2.3
2014.2.4
2014.2.b1
2014.2.b2
2014.2.b3
2014.2.rc1
2014.2.rc2
2014.2.rc3
2015.1.0
2015.1.0b1
2015.1.0b2
2015.1.0b3
2015.1.0rc1
2015.1.0rc2
2015.1.1
2015.1.2
2015.1.3
2015.1.4
5.0.0
5.0.0.0b1
5.0.0.0b2
5.0.0.0b3
5.0.0.0rc1
5.0.0.0rc2
5.0.0a0
5.0.1
5.0.2
5.0.3
6.0.0
6.0.0.0b1
6.0.0.0b2
6.0.0.0b3
6.0.0.0rc1
6.0.0.0rc2
6.0.0.0rc3
6.1.0
7.0.0
7.0.0.0b1
7.0.0.0b2
7.0.0.0b3
7.0.0.0rc1
7.0.0.0rc2
grizzly-2
grizzly-eol
havana-eol
icehouse-eol
juno-eol
kilo-eol
v1-POC.release
v2-M1.release
v3.release
v4-branch-eol
v4.release
v5-branch-eol
v5.release
v6-branch-eol
v6.release
v7-branch-eol
v7.release

Issue the command to identify the version which has this commit. 

# git describe 93c5a3a68a0c0da6c703f72940db7516fb34d619
5.0.1-80-g93c5a3a68a0c

=========================== DOWNSTREAM CODE ==============================

### Download the downstream code and doing the checkout for RHOS 8 which is based on liberty code.

# git checkout remotes/origin/rhos-8.0-patches -b RHOS8
Branch RHOS8 set up to track remote branch rhos-8.0-patches from origin.
Switched to a new branch 'RHOS8'

# git branch
* RHOS8

### Check whether same commit is present in downstream code. It's not present in liberty. 

# git log --pretty=oneline --grep 'Stop engine service correctly'
# 

Let's try to find why it's not present in downstream liberty but present in upstream liberty.

### List all present tags. 

# git tag

### Check the recent version of package available on Red Hat portal for heat 

https://access.redhat.com/downloads/content/rhel---7/x86_64/4713/openstack-heat-engine/5.0.1-8.el7ost/noarch/fd431d51/package-changelog

We can see from changelog that last time for latest heat package rebase done from upstream :

~~~
2016-01-22 Ryan Brown <ryansb@redhat.com> 1:5.0.1-1

    - Update to upstream 5.0.1
~~~

And only below changes are picke in rebase.

# git show 5.0.1
tag 5.0.1
Tagger: Doug Hellmann <doug@doughellmann.com>
Date:   9 months ago

heat 5.0.1 release

meta:version: 5.0.1
meta:series: liberty
meta:release-type: release
meta:announce: openstack-announce@lists.openstack.org
-----BEGIN PGP SIGNATURE-----
Comment: GPGTools - http://gpgtools.org

iQEcBAABAgAGBQJWn7LeAAoJEDttBqDEKEN6SGwIALhxqIXYASA/B9p/els0eG64
6yvtJ+rVAlZibkO/Q4NS78+eiAp/53GsOgFGwQm21/D/ETYel97BuoUYR5bM0q1L
MEUypNvSRAx5ijW0mQ6ED1t+gQnsUrbs3sL2gvvjanEvLa1HCJzOfJBrjIlFxtpl
QJRhD/cdwz1wfgV1YHCpduSR/RXlxR6nmh9lox6Rz9TelW4t3NvXYgBwUQrkkhwi
HhFGv3eoK92u/ku327wl7oU8v4uR+mLhBDL0BM6B/N4yZaEehCFBVJIa7wlgFarc
Kf5ttgRNCmxqHAHnvqRNXhqQYrcMj2OfNgA0n5GOAhaA49k0qFerqho+v4Qaz18=
=qlxw
-----END PGP SIGNATURE-----

commit dc8ccd8ee15bb336c4704ac1ff628bfb245a5593
Merge: 1e911584291c a50eeef3e8c8
Author: Jenkins <jenkins@review.openstack.org>
Date:   9 months ago

    Merge "Use negative timeout for convergence unittests" into stable/liberty

### Checking OSP 9 Branch.

# git checkout -b RHOS9 remotes/origin/rhos-9.0-patches
Branch RHOS9 set up to track remote branch rhos-9.0-patches from origin.
Switched to a new branch 'RHOS9'

# git branch
  RHOS8
* RHOS9

### Okay commit is introduced in OSP 9

# git log --pretty=oneline --grep '1562042'
989064aba2e94f3dc5658725d179113dbb8aed49 Stop engine service correctly

### Checking the version in which this commit is introduced. 

# git describe 989064aba2e94f3dc5658725d179113dbb8aed49
6.0.0.0b2-592-g989064aba2e9

### We can confirm the same from Red Hat portal by checking the changelog of latest package.

https://access.redhat.com/downloads/content/rhel---7/x86_64/5036/openstack-heat-engine/6.0.0-11.el7ost/noarch/fd431d51/package-changelog


